// Jest Snapshot v1, https://goo.gl/fbAQLP

exports[`testing all user components snapshot testing 1`] = `
[MockFunction] {
  "calls": Array [
    Array [],
  ],
  "results": Array [
    Object {
      "type": "return",
      "value": undefined,
    },
  ],
}
`;
