// Jest Snapshot v1, https://goo.gl/fbAQLP

exports[`snapshot testing 1`] = `
[MockFunction] {
  "calls": Array [
    Array [],
  ],
  "results": Array [
    Object {
      "type": "return",
      "value": undefined,
    },
  ],
}
`;

exports[`testing new user component snapshot testing 1`] = `
[MockFunction] {
  "calls": Array [
    Array [],
  ],
  "results": Array [
    Object {
      "type": "return",
      "value": undefined,
    },
  ],
}
`;
